<html>
<body>
<pre>
<h1>µVision Build Log</h1>
<h2>Tool Versions:</h2>
IDE-Version: µVision V5.29.0.0
Copyright (C) 2019 ARM Ltd and ARM Germany GmbH. All rights reserved.
License Information: we steel, ace, LIC=GMZII-TW8LL-Y8XFK-ZW2QH-41UVJ-LFP6V
 
Tool Versions:
Toolchain:       MDK-ARM Plus  Version: 5.29.0.0
Toolchain Path:  C:\Keil_v5\ARM\ARMCC\Bin
C Compiler:      Armcc.exe V5.06 update 6 (build 750)
Assembler:       Armasm.exe V5.06 update 6 (build 750)
Linker/Locator:  ArmLink.exe V5.06 update 6 (build 750)
Library Manager: ArmAr.exe V5.06 update 6 (build 750)
Hex Converter:   FromElf.exe V5.06 update 6 (build 750)
CPU DLL:         
Dialog DLL:      
Target DLL:      Segger\JL2CM3.dll V2.99.36.0
Dialog DLL:      TCM.DLL V1.36.5.0
 
<h2>Project:</h2>
D:\M_2019\T17_BLE-BT840E_iBeacon-----------Trent&Fred-Canada\ProgrammingSDK15.30\NLT_BLE-Beacon_nRF5_SDK_15.3.0_59ac345\examples\ble_peripheral\ble_app_beacon_Ver01\pca10056\s140\arm5_no_packs\ble_app_beacon_pca10056_s140.uvprojx
Project File Date:  07/26/2019

<h2>Output:</h2>
*** Using Compiler 'V5.06 update 6 (build 750)', folder: 'C:\Keil_v5\ARM\ARMCC\Bin'
Rebuild target 'nrf52840_xxaa'
compiling utf.c...
compiling bsp.c...
compiling boards.c...
compiling main.c...
compiling ble_advdata.c...
compiling nrf_drv_uart.c...
compiling ble_srv_common.c...
compiling nrf_drv_clock.c...
compiling nrfx_atomic.c...
compiling nrfx_clock.c...
compiling nrfx_prs.c...
compiling nrfx_gpiote.c...
compiling nrfx_uart.c...
compiling app_error.c...
compiling nrfx_uarte.c...
compiling app_button.c...
compiling app_error_handler_keil.c...
compiling app_error_weak.c...
compiling app_scheduler.c...
compiling app_util_platform.c...
compiling app_timer.c...
compiling nrf_assert.c...
compiling hardfault_implementation.c...
compiling nrf_atfifo.c...
compiling nrf_atomic.c...
compiling nrf_fprintf.c...
compiling nrf_balloc.c...
compiling nrf_fprintf_format.c...
compiling nrf_memobj.c...
compiling nrf_ringbuf.c...
compiling nrf_pwr_mgmt.c...
compiling nrf_section_iter.c...
compiling nrf_strerror.c...
compiling nrf_log_backend_serial.c...
compiling nrf_log_backend_rtt.c...
compiling nrf_log_backend_uart.c...
compiling nrf_log_default_backends.c...
compiling nrf_log_frontend.c...
compiling nrf_log_str_formatter.c...
compiling nrf_sdh.c...
compiling SEGGER_RTT_Syscalls_KEIL.c...
compiling SEGGER_RTT.c...
compiling SEGGER_RTT_printf.c...
assembling arm_startup_nrf52840.s...
compiling nrf_sdh_soc.c...
compiling system_nrf52840.c...
compiling nrf_sdh_ble.c...
linking...
Program Size: Code=16286 RO-data=3126 RW-data=276 ZI-data=10356  
FromELF: creating hex file...
".\_build\nrf52840_xxaa.axf" - 0 Error(s), 0 Warning(s).

<h2>Software Packages used:</h2>

Package Vendor: ARM
                http://www.keil.com/pack/ARM.CMSIS.4.5.0.pack
                ARM.CMSIS.4.5.0
                CMSIS (Cortex Microcontroller Software Interface Standard)
   * Component: CORE Version: 4.3.0

Package Vendor: NordicSemiconductor
                http://developer.nordicsemi.com/nRF5_SDK/pieces/nRF_DeviceFamilyPack/NordicSemiconductor.nRF_DeviceFamilyPack.8.24.1.pack
                NordicSemiconductor.nRF_DeviceFamilyPack.8.24.1
                Nordic Semiconductor nRF ARM devices Device Family Pack.
   * Component: Startup Version: 8.24.1

<h2>Collection of Component include folders:</h2>
  .\RTE\_nrf52840_xxaa
  C:\Users\MrSteel\AppData\Local\Arm\Packs\ARM\CMSIS\4.5.0\CMSIS\Include
  C:\Users\MrSteel\AppData\Local\Arm\Packs\NordicSemiconductor\nRF_DeviceFamilyPack\8.24.1\Device\Include

<h2>Collection of Component Files used:</h2>

   * Component: ARM::CMSIS:CORE:4.3.0

   * Component: NordicSemiconductor::Device:Startup:8.24.1
      Source file:   Device\Source\system_nrf52840.c
      Include file:  Device\Include\system_nrf52840.h
      Source file:   Device\Source\arm\arm_startup_nrf52840.s
Build Time Elapsed:  00:00:52
</pre>
</body>
</html>
